;comment at beginning of line
        ;comment in the middle of line
        lda#$00                 ;comment after mnemonic
        ;comment at beginning of line
        ;comment in the middle of line
        ;comment in the middle of line
        ;comment in the middle of line
        ;comment in the middle of line
.FEATURElabels_without_colons   ;comment after directive
.FEATURElabels_without_colons   ;comment after directive
