;comment at beginning of line
        ;comment in the middle of line
        LDA     #$00            ;comment after mnemonic
        ;comment at beginning of line
        ;comment in the middle of line
        ;comment in the middle of line
        ;comment in the middle of line
        ;comment in the middle of line
.FEATURE        labels_without_colons;comment after directive
.FEATURE        labels_without_colons;comment after directive
