        .BYTE   abcd+1234
        .BYTE   $1234+$4678
        lda     #<(start+3)
        .BYTE   "c"+3
        lda     screen+12*$28
        lda     <($1234+3)*6