        .BYTE   abcd+1234 
        .BYTE   $1234+$4678 
        LDA     #<(start+3) 
        .BYTE   "c"+3 
        LDA     screen+12*$28 
        LDA     <($1234+3)*6 


