label0
label6  lda     #label00
label7: dec     $020
label1
        macroname
    label2:
        anothermacroname
label3:

        .scope      abcde
        label4:
            lda     #$00
            sta     $d020

            .scope      fghij
            label5:
            .endscope
        .endscope

anoversizedlabel
        inc     $d020
anotheroversizedlabel:
        dec     $d020