        lda #$12
        lda #$12
        lda #<start
        lda #<$1234
        lda (zp),y
        lda (zp,x)
        inc $d012
        inx
        rts
        inc abcd,x
        inc abcd,x
        inc abcd,y
        inc abcd,y
        lsr a
        bne label