        LDA     #$00

        .proc       firstProc

            .proc       secondProc
                .proc       thirdProc
                .endproc
            .endproc

alabel:     ;a label with one empty line after .endproc
        .endproc

        ;a comment directly after .endproc