.FEATURE        labels_without_colons
.BSS
.DEFINE         amacro 1234
.DEFINE         alist 123 456 678\
                891 101112 141516\
                123

var     = 100
var2    = $1000
var3    = $500
var4    = $1234
label10 INC     $d020
label11 DEC     $d021

        .PROC       abcd            ;the line before was not empty
            LDA     #$00
            STA     $d020           ;comment after command
            STA     $d021

            .PROC       efgh
                ;isolated comment in the middle of line. no empty line before .proc
                ;the following line is empty

                ;comment after comment ; blabla ; ajkajkajk
                INX
            label0:                     ;Comment after label0
                INY
                DEC     $d020
                LDA     label0
anotheroversizedlabel:
                LDA     label10         ;comment after command after overszdlabel
againoversized:
                ;comment after overszdlabel
                .BYTE   123,128,3,  4,  5,  6,  7,  8,  10, 20 ; a list of data
                .BYTE   1,  4,  5,  78, 10, 2,  3,  4

                .WORD   1,  2,  1000,   10000,  0,  1,  5,  100,20000,  1
                .WORD   1000,   1,  5,  10, 100,5000,   0,  0,  0,  0,  0,  0
            .ENDPROC                ;comment after directive

            .ASCIIZ "cdfd"
            LDA     label1
        .ENDPROC

        LDA     #$00
        LDA     #$00            ;there is no empty line after .endProc
        STA     $d020           ; comment after command at beginning of line
        INX
        INY
        STA     $d020
    label1:





        ;there were 5 empty lines before
label8
label2  ;comment after label. Following line is empty

        .PROC       dfkdjkfd
        label3: LDA #$00
        .ENDPROC

    label4: ADC $d020           ;comment after label and command. Prev line was empty

        .BYTE   65
        .ADDR   $1234
        .BYTE   33
        .RES    4,  2
label5  .BYTE   123
label6  .BYTE   "Directive               lda #$00 ;after label"
label7  ;my 2nd comment after label
alengthyLabelInItsOwnLine
alengthyLabelWithMnemonicBehind
        LSR     $d019
        ;following 4 lines are empty with different combinations of whitespace