.feature        labels_without_colons
.bss
.define         amacro 1234
.define         alist 123 456 678\
                891 101112 141516\
                123

var     = 100
var2    = $1000
var3    = $500
var4    = $1234
label10 inc     $d020
label11 dec     $d021

        .proc       abcd            ;the line before was not empty
            lda     #$00
            sta     $d020           ;comment after command
            sta     $d021

            .proc       efgh
                ;isolated comment in the middle of line. no empty line before .proc
                ;the following line is empty

                ;comment after comment ; blabla ; ajkajkajk
                inx
            label0:                     ;Comment after label0
                iny
                dec     $d020
                lda     label0
anotheroversizedlabel:
                lda     label10         ;comment after command after overszdlabel
againoversized:
                ;comment after overszdlabel
                .byte   123,128,3,  4,  5,  6,  7,  8,  10, 20 ; a list of data
                .byte   1,  4,  5,  78, 10, 2,  3,  4

                .word   1,  2,  1000,   10000,  0,  1,  5,  100,20000,  1
                .word   1000,   1,  5,  10, 100,5000,   0,  0,  0,  0,  0,  0
            .endproc                ;comment after directive

            .asciiz "cdfd"
            lda     label1
        .endproc

        lda     #$00
        lda     #$00            ;there is no empty line after .endProc
        sta     $d020           ; comment after command at beginning of line
        inx
        iny
        sta     $d020
    label1:





        ;there were 5 empty lines before
label8
label2  ;comment after label. Following line is empty

        .proc       dfkdjkfd
        label3: lda #$00
        .endproc

    label4: adc $d020           ;comment after label and command. Prev line was empty

        .byte   65
        .addr   $1234
        .byte   33
        .res    4,  2
label5  .byte   123
label6  .byte   "Directive               lda #$00 ;after label"
label7  ;my 2nd comment after label
alengthyLabelInItsOwnLine

alengthyLabelWithMnemonicBehind
        lsr     $d019
        ;following 4 lines are empty with different combinations of whitespace




